// Jest Snapshot v1, https://goo.gl/fbAQLP

exports[`should be rendered App 1`] = `
<div
  className="App-content"
>
  <AppRouter />
</div>
`;
